
> frontend@0.0.0 build
> vite build

[36mvite v8.0.0 [32mbuilding client environment for production...[36m[39m
[2K
transforming...Γ£ô 1819 modules transformed.
node.exe : [31mΓ£ù[39m Build failed in 798ms
At C:\Program Files\nodejs\npm.ps1:29 char:3
+   & $NODE_EXE $NPM_CLI_JS $args
+   ~~~~~~~~~~~~~~~~~~~~~~~~~~~~~
    + CategoryInfo          : NotSpecified: ([31mΓ£ù[39m Build failed in 798ms:String) [], RemoteException
    + FullyQualifiedErrorId : NativeCommandError
 
[31merror during build:
[31mBuild failed with 2 errors:

[31m[PARSE_ERROR] Error:[0m Identifier `lbl` has already been declared
    [38;5;246mΓò¡[0m[38;5;246mΓöÇ[0m[38;5;246m[[0m src/views/Settings.jsx:90:7 [38;5;246m][0m
    [38;5;246mΓöé[0m
 [38;5;246m90 Γöé[0m [38;5;249mc[0m[38;5;249mo[0m[38;5;249mn[0m[38;5;249ms[0m[38;5;249mt[0m[38;5;249m 
[0mlbl[38;5;249m [0m[38;5;249m=[0m[38;5;249m [0m[38;5;249m{[0m
 [38;5;240m   Γöé[0m       ΓöÇΓö¼ΓöÇ  
 [38;5;240m   Γöé[0m        Γò░ΓöÇΓöÇΓöÇ `lbl` has already been declared here
 [38;5;240m   Γöé[0m 
 [38;5;246m97 Γöé[0m [38;5;249mc[0m[38;5;249mo[0m[38;5;249mn[0m[38;5;249ms[0m[38;5;249mt[0m[38;5;249m 
[0mlbl[38;5;249m [0m[38;5;249m=[0m[38;5;249m [0m[38;5;249m{[0m
 [38;5;240m   Γöé[0m       ΓöÇΓö¼ΓöÇ  
 [38;5;240m   Γöé[0m        Γò░ΓöÇΓöÇΓöÇ It can not be redeclared here
[38;5;246mΓöÇΓöÇΓöÇΓöÇΓò»[0m

[31m[PARSE_ERROR] Error:[0m Identifier `fmt` has already been declared
     [38;5;246mΓò¡[0m[38;5;246mΓöÇ[0m[38;5;246m[[0m src/views/Settings.jsx:295:8 [38;5;246m][0m
     [38;5;246mΓöé[0m
 [38;5;246m295 Γöé[0m [38;5;249m [0m[38;5;249m [0m[38;5;249m [0m[38;5;249m 
[0m[38;5;249mc[0m[38;5;249mo[0m[38;5;249mn[0m[38;5;249ms[0m[38;5;249mt[0m[38;5;249m [0mfmt[38;5;249m 
[0m[38;5;249m=[0m[38;5;249m [0m[38;5;249m([0m[38;5;249md[0m[38;5;249m)[0m[38;5;249m 
[0m[38;5;249m=[0m[38;5;249m>[0m[38;5;249m [0m[38;5;249md[0m[38;5;249m [0m[38;5;249m?[0m[38;5;249m 
[0m[38;5;249mn[0m[38;5;249me[0m[38;5;249mw[0m[38;5;249m [0m[38;5;249mD[0m[38;5;249ma[0m[38;5;249mt[0m[3
8;5;249me[0m[38;5;249m([0m[38;5;249md[0m[38;5;249m)[0m[38;5;249m.[0m[38;5;249mt[0m[38;5;249mo[0m[38;5;249
mL[0m[38;5;249mo[0m[38;5;249mc[0m[38;5;249ma[0m[38;5;249ml[0m[38;5;249me[0m[38;5;249mD[0m[38;5;249ma[0m
[38;5;249mt[0m[38;5;249me[0m[38;5;249mS[0m[38;5;249mt[0m[38;5;249mr[0m[38;5;249mi[0m[38;5;249mn[0m[38;5;2
49mg[0m[38;5;249m([0m[38;5;249m"[0m[38;5;249me[0m[38;5;249mn[0m[38;5;249m-[0m[38;5;249mI[0m[38;5;249mN[0
m[38;5;249m"[0m[38;5;249m,[0m[38;5;249m [0m[38;5;249m{[0m
 [38;5;240m    Γöé[0m           ΓöÇΓö¼ΓöÇ  
 [38;5;240m    Γöé[0m            Γò░ΓöÇΓöÇΓöÇ `fmt` has already been declared here
 [38;5;240m    Γöé[0m 
 [38;5;246m300 Γöé[0m [38;5;249m [0m[38;5;249m [0m[38;5;249m [0m[38;5;249m 
[0m[38;5;249mc[0m[38;5;249mo[0m[38;5;249mn[0m[38;5;249ms[0m[38;5;249mt[0m[38;5;249m [0mfmt[38;5;249m 
[0m[38;5;249m=[0m[38;5;249m [0m[38;5;249m([0m[38;5;249md[0m[38;5;249m)[0m[38;5;249m 
[0m[38;5;249m=[0m[38;5;249m>[0m[38;5;249m [0m[38;5;249md[0m[38;5;249m [0m[38;5;249m?[0m[38;5;249m 
[0m[38;5;249mn[0m[38;5;249me[0m[38;5;249mw[0m[38;5;249m [0m[38;5;249mD[0m[38;5;249ma[0m[38;5;249mt[0m[3
8;5;249me[0m[38;5;249m([0m[38;5;249md[0m[38;5;249m)[0m[38;5;249m.[0m[38;5;249mt[0m[38;5;249mo[0m[38;5;249
mL[0m[38;5;249mo[0m[38;5;249mc[0m[38;5;249ma[0m[38;5;249ml[0m[38;5;249me[0m[38;5;249mD[0m[38;5;249ma[0m
[38;5;249mt[0m[38;5;249me[0m[38;5;249mS[0m[38;5;249mt[0m[38;5;249mr[0m[38;5;249mi[0m[38;5;249mn[0m[38;5;2
49mg[0m[38;5;249m([0m[38;5;249m"[0m[38;5;249me[0m[38;5;249mn[0m[38;5;249m-[0m[38;5;249mI[0m[38;5;249mN[0
m[38;5;249m"[0m[38;5;249m,[0m[38;5;249m [0m[38;5;249m{[0m
 [38;5;240m    Γöé[0m           ΓöÇΓö¼ΓöÇ  
 [38;5;240m    Γöé[0m            Γò░ΓöÇΓöÇΓöÇ It can not be redeclared here
[38;5;246mΓöÇΓöÇΓöÇΓöÇΓöÇΓò»[0m
[31m
    at aggregateBindingErrorsIntoJsError 
(file:///D:/creoed-webiste/creoed-lms%20-%20Copy/frontend/node_modules/rolldown/dist/shared/error-CP8smW_P.mjs:48:18)
    at unwrapBindingResult 
(file:///D:/creoed-webiste/creoed-lms%20-%20Copy/frontend/node_modules/rolldown/dist/shared/error-CP8smW_P.mjs:18:128)
    at #build (file:///D:/creoed-webiste/creoed-lms%20-%20Copy/frontend/node_modules/rolldown/dist/shared/rolldown-buil
d-4YnQkA76.mjs:3311:34)
    at async buildEnvironment 
(file:///D:/creoed-webiste/creoed-lms%20-%20Copy/frontend/node_modules/vite/dist/node/chunks/node.js:32794:64)
    at async Object.build 
(file:///D:/creoed-webiste/creoed-lms%20-%20Copy/frontend/node_modules/vite/dist/node/chunks/node.js:33216:19)
    at async Object.buildApp 
(file:///D:/creoed-webiste/creoed-lms%20-%20Copy/frontend/node_modules/vite/dist/node/chunks/node.js:33213:153)
    at async CAC.<anonymous> 
(file:///D:/creoed-webiste/creoed-lms%20-%20Copy/frontend/node_modules/vite/dist/node/cli.js:778:3) {
  errors: [Getter/Setter]
}[39m
